2025-12-11 05:35:09 [main] INFO  BaseClass:30 - Launching the application....
2025-12-11 05:35:09 [main] INFO  BaseClass:37 - Closing the browser....
2025-12-11 05:35:15 [main] INFO  BaseClass:30 - Launching the application....
2025-12-11 05:35:15 [main] INFO  BaseClass:37 - Closing the browser....
2025-12-11 05:35:18 [main] INFO  BaseClass:30 - Launching the application....
2025-12-11 05:35:18 [main] INFO  BaseClass:37 - Closing the browser....
2025-12-11 05:35:20 [main] INFO  BaseClass:30 - Launching the application....
2025-12-11 05:35:20 [main] INFO  BaseClass:37 - Closing the browser....
2025-12-11 05:35:22 [main] INFO  BaseClass:30 - Launching the application....
2025-12-11 05:35:22 [main] INFO  BaseClass:37 - Closing the browser....
2025-12-11 05:41:42 [main] INFO  BaseClass:30 - Launching the application....
2025-12-11 05:41:45 [main] INFO  BaseClass:40 - Clicking on Login button......
2025-12-11 05:41:45 [main] INFO  BaseClass:46 - Taking screenshot for failed step....
2025-12-11 05:41:45 [main] INFO  BaseClass:37 - Closing the browser....
2025-12-11 05:42:24 [main] INFO  BaseClass:30 - Launching the application....
2025-12-11 05:42:25 [main] INFO  BaseClass:40 - Clicking on Login button......
2025-12-11 05:42:25 [main] INFO  BaseClass:46 - Taking screenshot for failed step....
2025-12-11 05:42:25 [main] INFO  BaseClass:37 - Closing the browser....
2025-12-11 05:42:29 [main] INFO  BaseClass:30 - Launching the application....
2025-12-11 05:42:30 [main] INFO  BaseClass:40 - Clicking on Login button......
2025-12-11 05:42:30 [main] INFO  BaseClass:46 - Taking screenshot for failed step....
2025-12-11 05:42:30 [main] INFO  BaseClass:37 - Closing the browser....
2025-12-11 05:42:33 [main] INFO  BaseClass:30 - Launching the application....
2025-12-11 05:42:34 [main] INFO  BaseClass:40 - Clicking on Login button......
2025-12-11 05:42:34 [main] INFO  BaseClass:46 - Taking screenshot for failed step....
2025-12-11 05:42:34 [main] INFO  BaseClass:37 - Closing the browser....
2025-12-11 05:42:37 [main] INFO  BaseClass:30 - Launching the application....
2025-12-11 05:42:38 [main] INFO  BaseClass:40 - Clicking on Login button......
2025-12-11 05:42:38 [main] INFO  BaseClass:46 - Taking screenshot for failed step....
2025-12-11 05:42:38 [main] INFO  BaseClass:37 - Closing the browser....
2025-12-11 05:47:41 [main] INFO  BaseClass:30 - Launching the application....
2025-12-11 05:47:43 [main] INFO  BaseClass:51 - Clicking on Login button......
2025-12-11 05:47:44 [main] INFO  BaseClass:37 - Closing the browser....
2025-12-11 05:47:56 [main] INFO  BaseClass:30 - Launching the application....
2025-12-11 05:47:57 [main] INFO  BaseClass:51 - Clicking on Login button......
2025-12-11 05:47:57 [main] INFO  BaseClass:37 - Closing the browser....
2025-12-11 05:48:00 [main] INFO  BaseClass:30 - Launching the application....
2025-12-11 05:48:01 [main] INFO  BaseClass:51 - Clicking on Login button......
2025-12-11 05:48:12 [main] INFO  BaseClass:37 - Closing the browser....
2025-12-11 05:48:17 [main] INFO  BaseClass:30 - Launching the application....
2025-12-11 05:48:18 [main] INFO  BaseClass:51 - Clicking on Login button......
2025-12-11 05:48:28 [main] INFO  BaseClass:37 - Closing the browser....
2025-12-11 05:48:33 [main] INFO  BaseClass:30 - Launching the application....
2025-12-11 05:48:34 [main] INFO  BaseClass:51 - Clicking on Login button......
2025-12-11 05:48:44 [main] INFO  BaseClass:37 - Closing the browser....
2025-12-11 06:21:13 [main] INFO  BaseClass:30 - Launching the application....
2025-12-11 06:21:14 [main] INFO  BaseClass:32 - User landed on the login page...
2025-12-11 06:21:15 [main] INFO  BaseClass:40 - Reading data from 1 index of the excel sheet
2025-12-11 06:21:15 [main] INFO  BaseClass:49 - Entered credentials...
2025-12-11 06:21:15 [main] INFO  BaseClass:54 - Clicking on Login button......
2025-12-11 06:21:16 [main] INFO  BaseClass:64 - navigated to my account page...
2025-12-11 06:21:16 [main] INFO  BaseClass:37 - Closing the browser....
2025-12-11 06:21:20 [main] INFO  BaseClass:30 - Launching the application....
2025-12-11 06:21:21 [main] INFO  BaseClass:32 - User landed on the login page...
2025-12-11 06:21:21 [main] INFO  BaseClass:40 - Reading data from 2 index of the excel sheet
2025-12-11 06:21:22 [main] INFO  BaseClass:49 - Entered credentials...
2025-12-11 06:21:22 [main] INFO  BaseClass:54 - Clicking on Login button......
2025-12-11 06:21:22 [main] INFO  BaseClass:64 - navigated to my account page...
2025-12-11 06:21:22 [main] INFO  BaseClass:37 - Closing the browser....
2025-12-11 06:21:27 [main] INFO  BaseClass:30 - Launching the application....
2025-12-11 06:21:27 [main] INFO  BaseClass:32 - User landed on the login page...
2025-12-11 06:21:28 [main] INFO  BaseClass:40 - Reading data from 3 index of the excel sheet
2025-12-11 06:21:28 [main] INFO  BaseClass:49 - Entered credentials...
2025-12-11 06:21:28 [main] INFO  BaseClass:54 - Clicking on Login button......
2025-12-11 06:21:38 [main] INFO  BaseClass:68 - invalid user, can't navigate to my account page....
2025-12-11 06:21:38 [main] INFO  BaseClass:37 - Closing the browser....
2025-12-11 06:21:44 [main] INFO  BaseClass:30 - Launching the application....
2025-12-11 06:21:45 [main] INFO  BaseClass:32 - User landed on the login page...
2025-12-11 06:21:45 [main] INFO  BaseClass:40 - Reading data from 4 index of the excel sheet
2025-12-11 06:21:46 [main] INFO  BaseClass:49 - Entered credentials...
2025-12-11 06:21:46 [main] INFO  BaseClass:54 - Clicking on Login button......
2025-12-11 06:21:57 [main] INFO  BaseClass:68 - invalid user, can't navigate to my account page....
2025-12-11 06:21:57 [main] INFO  BaseClass:37 - Closing the browser....
2025-12-11 06:21:59 [main] INFO  BaseClass:30 - Launching the application....
2025-12-11 06:22:00 [main] INFO  BaseClass:32 - User landed on the login page...
2025-12-11 06:22:00 [main] INFO  BaseClass:40 - Reading data from 5 index of the excel sheet
2025-12-11 06:22:00 [main] INFO  BaseClass:49 - Entered credentials...
2025-12-11 06:22:00 [main] INFO  BaseClass:54 - Clicking on Login button......
2025-12-11 06:22:11 [main] INFO  BaseClass:68 - invalid user, can't navigate to my account page....
2025-12-11 06:22:11 [main] INFO  BaseClass:37 - Closing the browser....
